// Jest Snapshot v1, https://goo.gl/fbAQLP

exports[`Placeholder Empty 1`] = `
Array [
  Object {
    "apiVersion": "v1",
    "kind": "Service",
    "metadata": Object {
      "name": "test-chart-hello-k8s-service-c818d05c",
    },
    "spec": Object {
      "ports": Array [
        Object {
          "port": 80,
          "targetPort": 8080,
        },
      ],
      "selector": Object {
        "app": "test-chart-hello-k8s-c89248e0",
      },
      "type": "ClusterIP",
    },
  },
  Object {
    "apiVersion": "apps/v1",
    "kind": "Deployment",
    "metadata": Object {
      "name": "test-chart-hello-k8s-deployment-c8a53eee",
    },
    "spec": Object {
      "replicas": 1,
      "selector": Object {
        "matchLabels": Object {
          "app": "test-chart-hello-k8s-c89248e0",
        },
      },
      "template": Object {
        "metadata": Object {
          "labels": Object {
            "app": "test-chart-hello-k8s-c89248e0",
          },
        },
        "spec": Object {
          "containers": Array [
            Object {
              "image": "paulbouwer/hello-kubernetes:1.7",
              "name": "app",
              "ports": Array [
                Object {
                  "containerPort": 8080,
                },
              ],
            },
          ],
        },
      },
    },
  },
]
`;

exports[`Placeholder ExternalDNS 1`] = `
Array [
  Object {
    "apiVersion": "v1",
    "kind": "ServiceAccount",
    "metadata": Object {
      "labels": Object {
        "app.kubernetes.io/instance": "test-chart-external-dns-c866fa96",
        "app.kubernetes.io/managed-by": "Helm",
        "app.kubernetes.io/name": "external-dns",
        "app.kubernetes.io/version": "0.13.5",
        "helm.sh/chart": "external-dns-1.13.0",
      },
      "name": "test-chart-external-dns-c866fa96",
      "namespace": "data",
    },
  },
  Object {
    "apiVersion": "rbac.authorization.k8s.io/v1",
    "kind": "ClusterRole",
    "metadata": Object {
      "labels": Object {
        "app.kubernetes.io/instance": "test-chart-external-dns-c866fa96",
        "app.kubernetes.io/managed-by": "Helm",
        "app.kubernetes.io/name": "external-dns",
        "app.kubernetes.io/version": "0.13.5",
        "helm.sh/chart": "external-dns-1.13.0",
      },
      "name": "test-chart-external-dns-c866fa96",
    },
    "rules": Array [
      Object {
        "apiGroups": Array [
          "",
        ],
        "resources": Array [
          "nodes",
        ],
        "verbs": Array [
          "list",
          "watch",
        ],
      },
      Object {
        "apiGroups": Array [
          "",
        ],
        "resources": Array [
          "pods",
        ],
        "verbs": Array [
          "get",
          "watch",
          "list",
        ],
      },
      Object {
        "apiGroups": Array [
          "",
        ],
        "resources": Array [
          "services",
          "endpoints",
        ],
        "verbs": Array [
          "get",
          "watch",
          "list",
        ],
      },
      Object {
        "apiGroups": Array [
          "extensions",
          "networking.k8s.io",
        ],
        "resources": Array [
          "ingresses",
        ],
        "verbs": Array [
          "get",
          "watch",
          "list",
        ],
      },
    ],
  },
  Object {
    "apiVersion": "rbac.authorization.k8s.io/v1",
    "kind": "ClusterRoleBinding",
    "metadata": Object {
      "labels": Object {
        "app.kubernetes.io/instance": "test-chart-external-dns-c866fa96",
        "app.kubernetes.io/managed-by": "Helm",
        "app.kubernetes.io/name": "external-dns",
        "app.kubernetes.io/version": "0.13.5",
        "helm.sh/chart": "external-dns-1.13.0",
      },
      "name": "test-chart-external-dns-c866fa96-viewer",
    },
    "roleRef": Object {
      "apiGroup": "rbac.authorization.k8s.io",
      "kind": "ClusterRole",
      "name": "test-chart-external-dns-c866fa96",
    },
    "subjects": Array [
      Object {
        "kind": "ServiceAccount",
        "name": "test-chart-external-dns-c866fa96",
        "namespace": "data",
      },
    ],
  },
  Object {
    "apiVersion": "v1",
    "kind": "Service",
    "metadata": Object {
      "labels": Object {
        "app.kubernetes.io/instance": "test-chart-external-dns-c866fa96",
        "app.kubernetes.io/managed-by": "Helm",
        "app.kubernetes.io/name": "external-dns",
        "app.kubernetes.io/version": "0.13.5",
        "helm.sh/chart": "external-dns-1.13.0",
      },
      "name": "test-chart-external-dns-c866fa96",
      "namespace": "data",
    },
    "spec": Object {
      "ports": Array [
        Object {
          "name": "http",
          "port": 7979,
          "protocol": "TCP",
          "targetPort": "http",
        },
      ],
      "selector": Object {
        "app.kubernetes.io/instance": "test-chart-external-dns-c866fa96",
        "app.kubernetes.io/name": "external-dns",
      },
      "type": "ClusterIP",
    },
  },
  Object {
    "apiVersion": "apps/v1",
    "kind": "Deployment",
    "metadata": Object {
      "labels": Object {
        "app.kubernetes.io/instance": "test-chart-external-dns-c866fa96",
        "app.kubernetes.io/managed-by": "Helm",
        "app.kubernetes.io/name": "external-dns",
        "app.kubernetes.io/version": "0.13.5",
        "helm.sh/chart": "external-dns-1.13.0",
      },
      "name": "test-chart-external-dns-c866fa96",
      "namespace": "data",
    },
    "spec": Object {
      "replicas": 1,
      "selector": Object {
        "matchLabels": Object {
          "app.kubernetes.io/instance": "test-chart-external-dns-c866fa96",
          "app.kubernetes.io/name": "external-dns",
        },
      },
      "strategy": Object {
        "type": "Recreate",
      },
      "template": Object {
        "metadata": Object {
          "labels": Object {
            "app.kubernetes.io/instance": "test-chart-external-dns-c866fa96",
            "app.kubernetes.io/name": "external-dns",
          },
        },
        "spec": Object {
          "containers": Array [
            Object {
              "args": Array [
                "--log-level=info",
                "--log-format=text",
                "--interval=1m",
                "--source=service",
                "--source=ingress",
                "--policy=upsert-only",
                "--registry=txt",
                "--provider=aws",
              ],
              "image": "registry.k8s.io/external-dns/external-dns:v0.13.5",
              "imagePullPolicy": "IfNotPresent",
              "livenessProbe": Object {
                "failureThreshold": 2,
                "httpGet": Object {
                  "path": "/healthz",
                  "port": "http",
                },
                "initialDelaySeconds": 10,
                "periodSeconds": 10,
                "successThreshold": 1,
                "timeoutSeconds": 5,
              },
              "name": "external-dns",
              "ports": Array [
                Object {
                  "containerPort": 7979,
                  "name": "http",
                  "protocol": "TCP",
                },
              ],
              "readinessProbe": Object {
                "failureThreshold": 6,
                "httpGet": Object {
                  "path": "/healthz",
                  "port": "http",
                },
                "initialDelaySeconds": 5,
                "periodSeconds": 10,
                "successThreshold": 1,
                "timeoutSeconds": 5,
              },
              "securityContext": Object {
                "capabilities": Object {
                  "drop": Array [
                    "ALL",
                  ],
                },
                "readOnlyRootFilesystem": true,
                "runAsNonRoot": true,
                "runAsUser": 65534,
              },
            },
          ],
          "securityContext": Object {
            "fsGroup": 65534,
          },
          "serviceAccountName": "test-chart-external-dns-c866fa96",
        },
      },
    },
  },
]
`;
